[backblue.gif]
[fade.gif]
[index.html]
[localhost/mnazportfolio/wp-content/themes/portfolio/images/MNAZfavicon.ico]
[localhost/mnazportfolio/wp-content/themes/portfolio/images/MohcineNAZ-MrNAZ-mini.png]
[localhost/mnazportfolio/wp-content/themes/portfolio/images/MohcineNAZ-MrNAZ-logo.webp]
[localhost/mnazportfolio/wp-content/uploads/2017/11/thumbnail-Mohcine-NAZRHAN-blog-responsive-website.png]
[localhost/mnazportfolio/wp-content/uploads/2017/11/thumbnail-Mohcine-NAZRHAN-portfolio-responsive-website.png]
[localhost/mnazportfolio/wp-content/uploads/2017/01/thumbnailmwlogo.png]
[localhost/mnazportfolio/wp-content/uploads/2017/01/thumbnail-play-agian-lgog.png]
[localhost/mnazportfolio/wp-content/uploads/2017/01/thumbnailpslogo.png]
[localhost/mnazportfolio/wp-content/uploads/2017/01/thumbnail-LOGO-DESIGN-FOR-SPANISH-CLOTHING-BRAND-logo.png]
[localhost/mnazportfolio/wp-content/themes/portfolio/images/MohcineNAZ-MrNAZ.webp]
[localhost/mnazportfolio/wp-content/themes/portfolio/images/moroccoflage.png]
[localhost/mnazportfolio/wp-content/themes/portfolio/images/MrNAZ-Signature.png]
[localhost/mnazportfolio/wp-content/themes/portfolio/js/jquery-1.10.1.min.js]
[localhost/mnazportfolio/wp-content/themes/portfolio/js/custom.js]
[localhost/mnazportfolio/wp-content/themes/portfolio/js/bootstrap.min.js]
[localhost/mnazportfolio/wp-content/themes/portfolio/js/jquery.inview.min.js]
[localhost/mnazportfolio/wp-content/themes/portfolio/js/wow.min.js]
[localhost/mnazportfolio/index.html]
[localhost/mnazportfolio/wp-content/themes/portfolio/css/bootstrap.min.css]
[localhost/mnazportfolio/wp-content/themes/portfolio/css/fonts/fontawesome/fontawesome-webfont78ce.eot]
[localhost/mnazportfolio/wp-content/themes/portfolio/css/fonts/fontawesome/fontawesome-webfontd41d.eot]
[localhost/mnazportfolio/wp-content/themes/portfolio/css/fonts/fontawesome/fontawesome-webfont78ce.woff]
[localhost/mnazportfolio/wp-content/themes/portfolio/css/fonts/fontawesome/fontawesome-webfont78ce.ttf]
[localhost/mnazportfolio/wp-content/themes/portfolio/css/font-awesome.min.css]
[localhost/mnazportfolio/wp-content/themes/portfolio/css/animate.css]
[localhost/mnazportfolio/wp-content/themes/portfolio/style.css]
[localhost/mnazportfolio/contact/index.html]
[localhost/mnazportfolio/portfolio/index.html]
[localhost/mnazportfolio/about/index.html]
[localhost/mnazportfolio/wp-content/uploads/2017/11/Mohcine-NAZRHAN-blog-responsive-website-design.jpg]
[localhost/mnazportfolio/wp-content/uploads/2017/11/Mohcine-NAZRHAN-blog-responsive-website-UI.jpg]
[localhost/mnazportfolio/wp-content/uploads/2017/11/Mohcine-NAZRHAN-blog-responsive-website-UI-2.jpg]
[localhost/mnazportfolio/wp-content/uploads/2017/01/thumbnail-LOGO-DESIGN-FOR-AMERICAN-WEB-SITE-logo.png]
[localhost/mnazportfolio/wp-content/themes/portfolio/js/jquery.bxslider.min.js]
[localhost/mnazportfolio/portfolio/mohcine-nazrhan-blog-responsive-website/index.html]
[localhost/mnazportfolio/wp-content/uploads/2017/11/Mohcine-NAZRHAN-portfolio-responsive-website-design.jpg]
[localhost/mnazportfolio/wp-content/uploads/2017/11/Mohcine-NAZRHAN-portfolio-responsive-website-design-UI.jpg]
[localhost/mnazportfolio/wp-content/uploads/2017/11/Mohcine-NAZRHAN-portfolio-responsive-website-design-UI-2.jpg]
[localhost/mnazportfolio/portfolio/mohcine-nazrhan-portfolio-responsive-website/index.html]
[localhost/mnazportfolio/wp-content/uploads/2017/01/My-Watchs-Branding-Design-Logo.jpg]
[localhost/mnazportfolio/wp-content/uploads/2017/01/My-Watchs-Branding-Design-Logo-.jpg]
[localhost/mnazportfolio/wp-content/uploads/2017/01/My-Watchs-Page-Facebook-Cover-Design-.jpg]
[localhost/mnazportfolio/wp-content/uploads/2017/01/My-Watchs-Page-Facebook-Water-Mark.jpg]
[localhost/mnazportfolio/wp-content/uploads/2017/01/My-Watchs-Page-Facebook-Post-Design.jpg]
[localhost/mnazportfolio/wp-content/uploads/2017/01/My-Watchs-Business-Card-Design.jpg]
[localhost/mnazportfolio/wp-content/uploads/2017/01/My-Watchs-Facebook-Brand-Page.jpg]
[localhost/mnazportfolio/portfolio/branding-design-for-my-watchs-facebook-page/index.html]
[localhost/mnazportfolio/wp-content/uploads/2017/01/Logo-for-Play-Again-youtube-channel-.jpg]
[localhost/mnazportfolio/wp-content/uploads/2017/01/Logo-for-Play-Again-youtube-channel.jpg]
[localhost/mnazportfolio/portfolio/logo-for-play-again-youtube-channel/index.html]
[localhost/mnazportfolio/wp-content/uploads/2017/01/Branding-Design-for-Premium-Store-Facebook-Page.jpg]
[localhost/mnazportfolio/wp-content/uploads/2017/01/Branding-Design-for-Premium-Store-Facebook-Page-.jpg]
[localhost/mnazportfolio/wp-content/uploads/2017/01/Premium-Store-Facebook-Page-Water-Mark-Logos.jpg]
[localhost/mnazportfolio/wp-content/uploads/2017/01/Premium-Store-Facebook-Page-Main-Logo.jpg]
[localhost/mnazportfolio/wp-content/uploads/2017/01/Premium-Store-Page-Facebook-Cover-Design-.jpg]
[localhost/mnazportfolio/wp-content/uploads/2017/01/Premium-Store-Facebook-Page-Post-Design.jpg]
[localhost/mnazportfolio/portfolio/branding-design-for-premium-store-facebook-page/index.html]
[localhost/mnazportfolio/wp-content/uploads/2017/01/LOGO-DESIGN-FOR-SPANISH-CLOTHING-BRAND2.jpg]
[localhost/mnazportfolio/wp-content/uploads/2017/01/LOGO-DESIGN-FOR-SPANISH-CLOTHING-BRAND.jpg]
[localhost/mnazportfolio/portfolio/logo-design-for-spanish-clothing-brand/index.html]
[localhost/mnazportfolio/wp-content/themes/portfolio/index.html]
[localhost/mnazportfolio/twitter.html]
[localhost/mnazportfolio/wp-content/themes/portfolio/fonts/glyphicons-halflings-regular.html]
[localhost/mnazportfolio/wp-content/themes/portfolio/fonts/glyphicons-halflings-regulard41d.html]
[localhost/mnazportfolio/wp-content/themes/portfolio/fonts/glyphicons-halflings-regular-2.html]
[localhost/mnazportfolio/wp-content/themes/portfolio/fonts/glyphicons-halflings-regular-3.html]
[localhost/mnazportfolio/wp-content/themes/portfolio/fonts/glyphicons-halflings-regular-4.html]
[localhost/mnazportfolio/wp-content/themes/portfolio/fonts/glyphicons-halflings-regular-5.html]
[localhost/mnazportfolio/wp-content/themes/portfolio/css/fonts/fontawesome/fontawesome-webfont78ce.svg]
[localhost/mnazportfolio/wp-content/themes/portfolio/images/colour-patterns-website.png]
[localhost/mnazportfolio/wp-content/themes/portfolio/images/pattern.png]
[localhost/mnazportfolio/wp-content/themes/portfolio/images/section-divider.png]
[localhost/mnazportfolio/wp-content/themes/portfolio/images/MrNaz-LogoLoading.png]
[localhost/mnazportfolio/wp-content/themes/portfolio/css/styles.css]
[localhost/mnazportfolio/wp-content/themes/portfolio/images/hero-pattern.jpg]
[localhost/icons/blank.gif]
[localhost/icons/back.gif]
[localhost/icons/image2.gif]
[localhost/mnazportfolio/wp-content/themes/portfolio/images/MohcineNAZ-MrNAZ-logo.png]
[localhost/mnazportfolio/wp-content/themes/portfolio/images/MohcineNAZ-MrNAZ.png]
[localhost/mnazportfolio/wp-content/themes/portfolio/images/MrNaz-LogoLoading.webp]
[localhost/mnazportfolio/wp-content/themes/portfolio/images/bx_loader.gif]
[localhost/mnazportfolio/wp-content/themes/portfolio/images/controls.png]
[localhost/mnazportfolio/wp-content/themes/portfolio/images/home-pattern.jpg]
[localhost/mnazportfolio/wp-content/themes/portfolio/images/index.html]
[localhost/mnazportfolio/portfolio/category/design/index.html]
[localhost/mnazportfolio/wp-content/uploads/2017/01/thumbnail-WEBSITE-REDESIGN-FOR-THE-ASSOCIATION-LMPE-MARRAKECH.png]
[localhost/mnazportfolio/portfolio/category/websites/index.html]
[localhost/mnazportfolio/wp-content/uploads/2017/01/character-sheets-for-mobile-game.jpg]
[localhost/mnazportfolio/portfolio/category/apps/index.html]
[localhost/mnazportfolio/portfolio/page/2/index.html]
[localhost/mnazportfolio/portfolio/twitter.html]
[localhost/mnazportfolio/about/contact.html]
[localhost/mnazportfolio/about/twitter.html]
[localhost/mnazportfolio/wp-content/uploads/2017/01/LOGO-DESIGN-FOR-AMERICAN-WEB-SITE2.jpg]
[localhost/mnazportfolio/wp-content/uploads/2017/01/LOGO-DESIGN-FOR-AMERICAN-WEB-SITE.jpg]
[localhost/mnazportfolio/portfolio/logo-design-for-american-web-site/index.html]
[localhost/mnazportfolio/portfolio/mohcine-nazrhan-blog-responsive-website/twitter.html]
[localhost/mnazportfolio/wp-content/themes/portfolio/css/jquery.bxslider.css]
[localhost/mnazportfolio/portfolio/mohcine-nazrhan-portfolio-responsive-website/twitter.html]
[localhost/mnazportfolio/portfolio/branding-design-for-my-watchs-facebook-page/twitter.html]
[localhost/mnazportfolio/portfolio/logo-for-play-again-youtube-channel/twitter.html]
[localhost/mnazportfolio/portfolio/branding-design-for-premium-store-facebook-page/twitter.html]
[localhost/mnazportfolio/portfolio/logo-design-for-spanish-clothing-brand/twitter.html]
[localhost/mnazportfolio/wp-content/themes/portfolio/images/color-stripe.html]
[localhost/mnazportfolio/wp-content/themes/portfolio/images/indexc052.html]
[localhost/mnazportfolio/wp-content/themes/portfolio/images/indexf8a0.html]
[localhost/mnazportfolio/wp-content/themes/portfolio/images/indexbfec.html]
[localhost/mnazportfolio/wp-content/themes/portfolio/images/index30b5.html]
[localhost/mnazportfolio/portfolio/category/design/contact.html]
[localhost/mnazportfolio/portfolio/category/design/page/2/index.html]
[localhost/mnazportfolio/portfolio/category/design/twitter.html]
[localhost/mnazportfolio/portfolio/category/websites/contact.html]
[localhost/mnazportfolio/wp-content/uploads/2017/01/Website-redesign-for-the-association-LMPE-Marrakech-responsive-design.jpg]
[localhost/mnazportfolio/wp-content/uploads/2017/01/Website-redesign-for-the-association-LMPE-Marrakech-UI.jpg]
[localhost/mnazportfolio/wp-content/uploads/2017/01/Website-redesign-for-the-association-LMPE-Marrakech-Backend.jpg]
[localhost/mnazportfolio/portfolio/website-redesign-for-the-association-lmpe-marrakech/index.html]
[localhost/mnazportfolio/portfolio/category/websites/twitter.html]
[localhost/mnazportfolio/portfolio/category/apps/contact.html]
[localhost/mnazportfolio/wp-content/uploads/2017/01/CHARACTER-SHEETS-FOR-MOBILE-GAME.png]
[localhost/mnazportfolio/wp-content/uploads/2017/01/CHARACTER-SHEETS-FOR-MOBILE-GAME-Walk-Jump-Idle.jpg]
[localhost/mnazportfolio/portfolio/character-sheets-for-mobile-game-1/index.html]
[localhost/mnazportfolio/portfolio/category/apps/twitter.html]
[localhost/mnazportfolio/portfolio/page/2/contact.html]
[localhost/mnazportfolio/portfolio/page/2/twitter.html]
[localhost/mnazportfolio/portfolio/logo-design-for-american-web-site/twitter.html]
[localhost/mnazportfolio/wp-content/themes/portfolio/images/indexb70a.html]
[localhost/mnazportfolio/wp-content/themes/portfolio/images/index72c9.html]
[localhost/mnazportfolio/wp-content/themes/portfolio/images/index5851.html]
[localhost/mnazportfolio/wp-content/themes/portfolio/images/indexad3f.html]
[localhost/mnazportfolio/portfolio/category/design/page/2/contact.html]
[localhost/mnazportfolio/portfolio/category/design/page/2/twitter.html]
[localhost/mnazportfolio/portfolio/website-redesign-for-the-association-lmpe-marrakech/twitter.html]
[localhost/mnazportfolio/portfolio/character-sheets-for-mobile-game-1/twitter.html]
